// Jest Snapshot v1, https://goo.gl/fbAQLP

exports[`BadgeActions creates a FETCH_BADGES action after successfully fetching achievements 1`] = `
Array [
  Object {
    "payload": Array [
      Object {
        "details": Object {
          "description": "Sit nisi eveniet non expedita eos. Porro et odit vel quis voluptatem error. Et est autem nostrum quis voluptatem voluptas voluptatibus sint. Occaecati nesciunt provident dolorem tenetur rerum officiis.",
          "iconUrl": "https://www.filepicker.io/api/file/h6spFMWTQaKXzk6HOxqL",
          "progress": 0.29699748744715526,
          "title": "Exceptional Achievement",
        },
        "id": "1924883835",
        "relationships": Object {
          "recommendations": Array [
            Object {
              "details": Object {
                "description": "Fuga id aspernatur sed pariatur itaque placeat. Velit unde aut explicabo. Pariatur fuga eveniet ipsa. Aut amet repudiandae laboriosam doloremque sit. Ut quam molestiae ab occaecati illo sed unde. Harum minus est libero eaque cum.",
                "title": "Bacon 21151",
                "type": "TASK",
              },
              "id": "1056306996",
            },
            Object {
              "details": Object {
                "description": "Sit et maiores reiciendis amet voluptate voluptas totam dolores et. Ut ipsum nostrum soluta. In ut suscipit nihil distinctio molestias ut quia sint dignissimos. Cum hic perferendis deleniti ipsum totam dolor ad id. Qui minima non harum ut iste maiores doloremque libero.",
                "title": "Bedfordshire 31245",
                "type": "EVENT",
              },
              "id": "2492513005",
            },
            Object {
              "details": Object {
                "description": "Tempore dolore excepturi quia officia et illo culpa voluptatum. Dolor maiores blanditiis animi. Doloremque earum tempore ex expedita velit ab. Odio nostrum necessitatibus eaque nesciunt voluptatem nam est. Non laboriosam dicta assumenda.",
                "title": "Manager 349",
                "type": "EVENT",
              },
              "id": "1036388801",
            },
            Object {
              "details": Object {
                "description": "Ut qui neque ex facere et. Aperiam illum sapiente ipsa tenetur. Sequi perspiciatis fugit illum animi eos quia cupiditate fugiat. Recusandae ea beatae ipsam.",
                "title": "Village 81370",
                "type": "EVENT",
              },
              "id": "2945439988",
            },
            Object {
              "details": Object {
                "description": "Illo asperiores id pariatur. Qui voluptatem id quaerat dicta. Facere nobis facilis et voluptatem sed veritatis.",
                "title": "coherent 27723",
                "type": "EVENT",
              },
              "id": "2217784005",
            },
          ],
        },
      },
    ],
    "type": "fetch_badges",
  },
]
`;

exports[`BadgeActions creates an UPDATE_PROGRESS action after successfully fetching updated progresses 1`] = `
Array [
  Object {
    "payload": Array [
      Object {
        "achievementId": "1924883835",
        "progress": 0.6656102509337432,
      },
    ],
    "type": "update_progress",
  },
]
`;
