// Jest Snapshot v1, https://goo.gl/fbAQLP

exports[`Badge component renders correctly 1`] = `
<Component
  style={
    Object {
      "alignItems": "center",
    }
  }
>
  <Card
    containerStyle={
      Object {
        "borderWidth": 0,
        "marginBottom": 10,
        "marginTop": 0,
        "paddingTop": 0,
        "width": 750,
      }
    }
  >
    <Component
      style={
        Object {
          "flexDirection": "row",
          "top": 5,
        }
      }
    >
      <Component
        source={
          Object {
            "uri": "https://www.filepicker.io/api/file/h6spFMWTQaKXzk6HOxqL",
          }
        }
        style={
          Object {
            "height": 242.54545454545453,
            "left": -15,
            "resizeMode": "contain",
            "width": 242.54545454545453,
          }
        }
      />
      <Component
        style={
          Object {
            "flex": 1,
            "marginTop": 10,
          }
        }
      >
        <Component
          style={
            Object {
              "fontWeight": "bold",
              "marginBottom": 10,
            }
          }
        >
          Exceptional Achievement
        </Component>
        <ProgressBar
          animated={true}
          animationConfig={
            Object {
              "bounciness": 0,
            }
          }
          animationType="spring"
          borderRadius={4}
          borderWidth={1}
          color="#4492E5"
          height={15}
          indeterminate={false}
          progress={0.29699748744715526}
          useNativeDriver={false}
          width={150}
        />
      </Component>
    </Component>
    <Component
      style={
        Object {
          "marginBottom": 15,
          "marginTop": 10,
        }
      }
    >
      Sit nisi eveniet non expedita eos. Porro et odit vel quis voluptatem error. Et est autem nostrum quis voluptatem voluptas voluptatibus sint. Occaecati nesciunt provident dolorem tenetur rerum officiis.
    </Component>
    <Button
      backgroundColor="#4492E5"
      buttonStyle={
        Object {
          "alignSelf": "center",
          "borderRadius": 0,
          "marginBottom": 15,
        }
      }
      onPress={[Function]}
      title="View Activities"
    />
  </Card>
</Component>
`;

exports[`Badge component renders correctly 2`] = `
<Component
  style={
    Object {
      "alignItems": "center",
    }
  }
>
  <Card
    containerStyle={
      Object {
        "borderWidth": 0,
        "marginBottom": 10,
        "marginTop": 0,
        "paddingTop": 0,
        "width": 750,
      }
    }
  >
    <Component
      style={
        Object {
          "flexDirection": "row",
          "top": 5,
        }
      }
    >
      <Component
        source={
          Object {
            "uri": "https://www.filepicker.io/api/file/h6spFMWTQaKXzk6HOxqL",
          }
        }
        style={
          Object {
            "height": 242.54545454545453,
            "left": -15,
            "resizeMode": "contain",
            "width": 242.54545454545453,
          }
        }
      />
      <Component
        style={
          Object {
            "flex": 1,
            "marginTop": 10,
          }
        }
      >
        <Component
          style={
            Object {
              "fontWeight": "bold",
              "marginBottom": 10,
            }
          }
        >
          Exceptional Achievement
        </Component>
        <ProgressBar
          animated={true}
          animationConfig={
            Object {
              "bounciness": 0,
            }
          }
          animationType="spring"
          borderRadius={4}
          borderWidth={1}
          color="#4492E5"
          height={15}
          indeterminate={false}
          progress={0.29699748744715526}
          useNativeDriver={false}
          width={150}
        />
      </Component>
    </Component>
    <Component
      style={
        Object {
          "marginBottom": 15,
          "marginTop": 10,
        }
      }
    >
      Sit nisi eveniet non expedita eos. Porro et odit vel quis voluptatem error. Et est autem nostrum quis voluptatem voluptas voluptatibus sint. Occaecati nesciunt provident dolorem tenetur rerum officiis.
    </Component>
    <Button
      backgroundColor="#4492E5"
      buttonStyle={
        Object {
          "alignSelf": "center",
          "borderRadius": 0,
          "marginBottom": 15,
        }
      }
      onPress={[Function]}
      title="View Activities"
    />
  </Card>
</Component>
`;
